exports[`test shallowly renders App 1`] = `
<div>
  <HelmetWrapper
    title="Haystack" />
  <button
    onClick={[Function]}>
    Haystack
    <img
      alt="logo"
      src="test-file-stub" />
  </button>
  <br />
  <br />
  <button
    onClick={[Function]}>
    +
  </button>
  <button
    onClick={[Function]}>
    -
  </button>
  <p />
  <span
    dangerouslySetInnerHTML={
      Object {
        "__html": "¯\\_(ツ)_/¯",
      }
    } />
</div>
`;
