exports[`test shallowly renders App 1`] = `
<div>
  <Link
    replace={false}
    to="/">
    Home
  </Link>
  <Link
    replace={false}
    to="/about">
    About
  </Link>
  <button
    onClick={[Function]}>
    Haystack
    <img
      alt="logo"
      src="test-file-stub" />
  </button>
  <Switch>
    <Route
      component={[Function]}
      exact={true}
      path="/" />
    <Route
      component={[Function]}
      path="/about" />
    <Route
      component={[Function]}
      path="/someRedirect" />
    <Route
      component={[Function]} />
  </Switch>
</div>
`;
