exports[`test shallowly renders App 1`] = `
<withRouter(ScrollToTop)>
  <Switch>
    <Route
      component={[Function]}
      exact={true}
      path="/" />
    <Route
      component={[Function]}
      path="/career/:positionId" />
    <Route
      component={[Function]}
      path="/career" />
    <Route
      component={[Function]}
      path="/contacts" />
    <Route
      component={[Function]}
      path="/our-team" />
    <Route
      component={[Function]}
      path="/our-work" />
    <Route
      component={[Function]}
      path="/services" />
    <Route
      component={[Function]}
      path="/history" />
    <Route
      component={[Function]} />
  </Switch>
</withRouter(ScrollToTop)>
`;
