exports[`test render 1`] = `"<!DOCTYPE html><html lang=\"en\"><head><meta charset=\"utf-8\"/><meta content=\"width=device-width, initial-scale=1, shrink-to-fit=no, user-scalable=no\" name=\"viewport\"/><meta content=\"ie=edge\" http-equiv=\"x-ua-compatible\"/></head><body><div id=\"app\"><div></div></div></body></html>"`;
